[INFO] Loading arend-lib
[INFO] Loaded arend-lib (39ms)
[INFO] Loading IRIS
[INFO] Loaded IRIS (12ms)

--- Typechecking IRIS ---
[1/82] Typechecking iris.bi.derived_laws
[WARNING] iris.bi.derived_laws:2:9: Definition '||' is already imported from module iris.bi.interface
  In: \import Logic
[2/82] Typechecking iris.bi.updates
[WARNING] iris.bi.updates:9:9: Definition '||' is already imported from module Logic
  In: \import iris.bi.interface
[WARNING] iris.bi.updates:15:9: Definition 'decideEq' is already imported from module Set
  In: \import iris.algebra.gmap
[WARNING] iris.algebra.excl:9:9: Definition 'decideEq' is already imported from module Set
  In: \import iris.algebra.gmap
[WARNING] iris_heap_lang.lang:13:9: Definition 'decideEq' is already imported from module Set
  In: \import iris.algebra.gmap
[WARNING] iris.base_logic.upred:10:9: Definition '||' is already imported from module Logic
  In: \import iris.bi.interface
[3/82] Typechecking iris.bi.derived_laws_later
[WARNING] iris.bi.big_op:12:9: Definition 'decideEq' is already imported from module Set
  In: \import iris.algebra.gmap
[4/82] Typechecking iris.bi.big_op[5/82] Typechecking iris.bi.interface[6/82] Typechecking iris.base_logic.upred[7/82] Typechecking iris.base_logic.lib.wsat_alloc
[WARNING] iris.algebra.gmap_updates:9:9: Definition 'decideEq' is already imported from module Set
  In: \import iris.algebra.gmap
[WARNING] iris.base_logic.lib.own:16:9: Definition 'decideEq' is already imported from module Set
  In: \import iris.algebra.gmap
[WARNING] iris.base_logic.lib.wsat_alloc:20:9: Definition 'decideEq' is already imported from module Set
  In: \import iris.algebra.gmap
[WARNING] iris.base_logic.lib.wsat_alloc:28:9: Definition 'bool_or_comm' is already imported from module iris.algebra.coPset
  In: \import iris.algebra.gset
[WARNING] iris.base_logic.lib.wsat_alloc:28:9: Definition 'bool_or_inv' is already imported from module iris.algebra.coPset
  In: \import iris.algebra.gset
[WARNING] iris.base_logic.lib.wsat_alloc:28:9: Definition 'bool_or_true_r' is already imported from module iris.algebra.coPset
  In: \import iris.algebra.gset
[WARNING] iris.base_logic.lib.wsat:20:9: Definition 'decideEq' is already imported from module Set
  In: \import iris.algebra.gmap
[WARNING] iris.base_logic.lib.wsat:28:9: Definition 'bool_or_comm' is already imported from module iris.algebra.coPset
  In: \import iris.algebra.gset
[WARNING] iris.base_logic.lib.wsat:28:9: Definition 'bool_or_inv' is already imported from module iris.algebra.coPset
  In: \import iris.algebra.gset
[WARNING] iris.base_logic.lib.wsat:28:9: Definition 'bool_or_true_r' is already imported from module iris.algebra.coPset
  In: \import iris.algebra.gset
[WARNING] iris.algebra.gmap_functor:10:9: Definition 'decideEq' is already imported from module Set
  In: \import iris.algebra.gmap
[WARNING] iris.algebra.lib.gmap_view:12:9: Definition 'decideEq' is already imported from module Set
  In: \import iris.algebra.gmap
[8/82] Typechecking iris.base_logic.lib.invariants
[WARNING] iris.base_logic.lib.invariants:27:9: Definition 'bool_or_comm' is already imported from module iris.algebra.coPset
  In: \import iris.algebra.gset
[WARNING] iris.base_logic.lib.invariants:27:9: Definition 'bool_or_inv' is already imported from module iris.algebra.coPset
  In: \import iris.algebra.gset
[WARNING] iris.base_logic.lib.invariants:27:9: Definition 'bool_or_true_r' is already imported from module iris.algebra.coPset
  In: \import iris.algebra.gset
[WARNING] iris.base_logic.lib.fancy_updates:12:9: Definition 'own_mono' is already imported from module iris.base_logic.upred
  In: \import iris.base_logic.lib.own
[WARNING] iris.base_logic.lib.fancy_updates:12:9: Definition 'own_unit' is already imported from module iris.base_logic.upred
  In: \import iris.base_logic.lib.own
[WARNING] iris.base_logic.lib.fancy_updates:12:9: Definition 'own_valid' is already imported from module iris.base_logic.upred
  In: \import iris.base_logic.lib.own
[WARNING] iris.base_logic.lib.fancy_updates_mask:12:9: Definition 'own_mono' is already imported from module iris.base_logic.upred
  In: \import iris.base_logic.lib.own
[WARNING] iris.base_logic.lib.fancy_updates_mask:12:9: Definition 'own_unit' is already imported from module iris.base_logic.upred
  In: \import iris.base_logic.lib.own
[WARNING] iris.base_logic.lib.fancy_updates_mask:12:9: Definition 'own_valid' is already imported from module iris.base_logic.upred
  In: \import iris.base_logic.lib.own
[WARNING] iris.base_logic.lib.invariants:590:8: Function can be declared as a lemma
  In: own_inv_acc_prepare
[WARNING] iris.base_logic.lib.invariants:767:8: Function can be declared as a lemma
  In: own_inv_alloc_reshape
[WARNING] iris.base_logic.lib.fancy_updates:37:8: Function can be declared as a lemma
  In: fupd_ne
[WARNING] iris.base_logic.lib.invariants:891:8: Function can be declared as a lemma
  In: inv_inner_ne
[WARNING] iris.base_logic.lib.invariants:1268:8: Function can be declared as a lemma
  In: inv_alter_inner
[WARNING] iris.base_logic.lib.invariants:1446:8: Function can be declared as a lemma
  In: split_l_wand_valid
[WARNING] iris.base_logic.lib.invariants:1460:8: Function can be declared as a lemma
  In: split_r_wand_valid
[WARNING] iris.base_logic.lib.invariants:2152:8: Function can be declared as a lemma
  In: inv_alloc_open_elim
[WARNING] iris.base_logic.lib.invariants:2414:8: Function can be declared as a lemma
  In: inv_combine_inner
[WARNING] iris.base_logic.lib.invariants:2570:8: Function can be declared as a lemma
  In: inv_combine_dup_inner
[9/82] Typechecking iris.base_logic.lib.wsat_sigma
[WARNING] iris.base_logic.lib.wsat_sigma:12:9: Definition 'bool_or_comm' is already imported from module iris.algebra.coPset
  In: \import iris.algebra.gset
[WARNING] iris.base_logic.lib.wsat_sigma:12:9: Definition 'bool_or_inv' is already imported from module iris.algebra.coPset
  In: \import iris.algebra.gset
[WARNING] iris.base_logic.lib.wsat_sigma:12:9: Definition 'bool_or_true_r' is already imported from module iris.algebra.coPset
  In: \import iris.algebra.gset
[WARNING] iris.algebra.lib.gmap_view_functor:15:9: Definition 'decideEq' is already imported from module Set
  In: \import iris.algebra.gmap
[10/82] Typechecking iris.base_logic.lib.saved_pred
[WARNING] iris.base_logic.lib.saved_pred:16:9: Definition 'own_mono' is already imported from module iris.base_logic.upred
  In: \import iris.base_logic.lib.own
[WARNING] iris.base_logic.lib.saved_pred:16:9: Definition 'own_unit' is already imported from module iris.base_logic.upred
  In: \import iris.base_logic.lib.own
[WARNING] iris.base_logic.lib.saved_pred:16:9: Definition 'own_valid' is already imported from module iris.base_logic.upred
  In: \import iris.base_logic.lib.own
